// Jest Snapshot v1, https://goo.gl/fbAQLP

exports[`When given a danger message Message renders a snapshot properly 1`] = `
<div
  className="notification is-danger"
>
  <button
    className="delete"
    onClick={[Function]}
  />
  <span>
    Hello, World!
  </span>
</div>
`;
